// Jest Snapshot v1, https://goo.gl/fbAQLP

exports[`renders 1`] = `
<div
  className="planned-disruption"
>
  <div
    className="planned-disruption-header"
  >
    <a
      className="test-previous-event"
      onClick={[Function]}
    >
      <img
        alt="Back"
        className="left"
        src="arrow.svg"
      />
    </a>
    <div
      className="planned-disruption-title"
    >
      PLANNED DISRUPTION
    </div>
    <a
      className="test-next-event"
      onClick={[Function]}
    >
      <img
        alt="Next"
        src="arrow.svg"
      />
    </a>
  </div>
  <span>
    Thursday, September 21st, at 7pm
  </span>
  <br />
  <span>
    Please follow the directions below.
  </span>
</div>
`;
